// Vitest Snapshot v1, https://vitest.dev/guide/snapshot.html

exports[`SchemaDecorator > should generate schema correctly 1`] = `
{
  "components": {
    "parameters": {},
    "schemas": {},
  },
  "info": {
    "title": "API",
    "version": "1.0.0",
  },
  "openapi": "3.0.0",
  "paths": {
    "/mock/mock/": {
      "get": {
        "responses": {
          "200": {
            "content": {
              "application/json": {
                "schema": {
                  "properties": {
                    "message": {
                      "type": "string",
                    },
                  },
                  "required": [
                    "message",
                  ],
                  "type": "object",
                },
              },
            },
            "description": "Mock schema",
          },
        },
      },
    },
  },
}
`;
